# Reference run of flrw_numerics.py
# python 3.12.3 | numpy 2.4.4 | scipy 1.17.1 | matplotlib 3.10.8 | Linux x86_64
# ---------------------------------------------------------------


Bogomolny bound: numerical 0.942809, exact 0.942809, relative error 2.7e-09

Table 4  (N=500, L=8, chi_min=0.001, lambda=v=a=1)
  section   k    lam_min      lam_2      ind    lam_min(k)-lam_min(0)
  S^3      +1     +1.999     +5.002    0        -0.155
  R^3      +0     +2.154     +2.617    0        +0.000
  H^3      -1     +3.154     +3.617    0        +1.000

Angular sectors, lowest level (section 4.3)
  R^3   j=0,1,2 : 2.154, 2.315, 2.519
  H^3   j=0,1,2 : 3.154, 3.198, 3.228
  S^3   j=0,1,2 : 1.999, 4.998, 9.999
  (S^3 follows the exact ladder 1 + (j+n)^2 of the trigonometric
   Poeschl-Teller problem; R^3 follows the spherical-Bessel box zeros)

Box law, Eq. (4.8): measured vs predicted
  R^3   measured 2.1541, 2.6167, 3.3877
        predicted 2.1543, 2.6170, 3.3883
  H^3   measured 3.1542, 3.6168, 4.3879
        predicted 3.1543, 3.6170, 4.3883
  S^3   measured 1.9994, 5.0020, 10.0074
        predicted 2.0013, 5.0051, 10.0115

Table 5  (N=4000, lambda=v=a=1)
  configuration                        S^3      R^3      H^3     gap(self)  gap(common)
  Dirichlet, chi_min=1e-3, L=8       +1.999   +2.154   +3.154    1.00004   1.00000000
  Dirichlet, chi_min=0.05, L=8       +1.934   +2.151   +3.153    1.00244   1.00000000
  Dirichlet, chi_min=1e-3, L=12      +1.999   +2.069   +3.069    1.00001   1.00000000
  Neumann (inner), L=8               +1.228   +2.030   +3.030    1.00038   1.00000000

Departure from the box law at a coarse cutoff (chi_min = 0.05)
  S^3   box 2.0333   measured 1.9340   deficit 0.0993   phi_0=0.95v at chi=0.628
  R^3   box 2.1562   measured 2.1509   deficit 0.0053   phi_0=0.95v at chi=0.527
  H^3   box 3.1562   measured 3.1533   deficit 0.0028   phi_0=0.95v at chi=0.475

Inner-cutoff dependence of the noncompact gap (section 4.6)
  chi_min = 0.001 :  R^3 = 2.1541   H^3 = 3.1542   gap = 1.00004
  chi_min = 0.010 :  R^3 = 2.1536   H^3 = 3.1540   gap = 1.00045
  chi_min = 0.050 :  R^3 = 2.1509   H^3 = 3.1533   gap = 1.00244
  chi_min = 0.200 :  R^3 = 2.1388   H^3 = 3.1514   gap = 1.01267
  chi_min = 1.000 :  R^3 = 2.0408   H^3 = 3.1596   gap = 1.11875

Collapse of the pinned layer as the cutoff is removed (k = +0, L = 8)
  chi_min     energy      2 pi v^2 chi_min   phi'(chi_min)   chi_min*phi'
    1e-01     0.70568        0.62832           11.15       1.1150
    5e-02     0.33431        0.31416           21.22       1.0612
    1e-02     0.06369        0.06283          101.34       1.0134
    3e-03     0.01893        0.01885          334.72       1.0041
    1e-03     0.00629        0.00628         1001.40       1.0014

Relaxation of the lowest mode (initial amplitude 1e-2 at t0=0.5)
  constant-H estimate  H_c = (2/3) sqrt(lam_min[H^3]) = 1.184
  q(t) = lam - (9/4)H^2 - (3/2)Hdot :
     flat benchmark a=t^(2/3): max|q - lam| = 1.94e-13  (exact cancellation)
     a=sinh(t): sign change of q at t_* = 0.817  (not 1.24 from the constant-H criterion)
  R^3  |c|(5) = 1.38e-03, |c|(20) = 3.51e-04
  H^3  |c|(5) = 2.68e-05, |c|(10) = 5.93e-09, |c|(20) = 1.42e-15, |c|(50) = 5.49e-36
